echo test     \    test

echo "$TEST$TEST=lol$TEST"
echo "   $TEST lol $TEST"
echo $TEST$TEST=lol$TEST""lol
echo test "" test "" test

##
#echo "$"
#echo "$?TEST"
##

echo "$1TEST"
# ajouter exception pour $int // le retirer

##
#echo test > ls ; cat ls" 
#echo test > ls >> ls >> ls ; echo test >> ls; cat ls
##

##
exit status
#Your exit status : 1
#Expected exit status : 2
#
# ✗  "exit 42"
#
#Your exit status : 0
#Expected exit status : 42
#
# ✗  "exit 42 53 68"
#
#Your exit status : 0
#Expected exit status : 1
#
# ✗  "exit 259"
#
#Your exit status : 0
#Expected exit status : 3
#
# ✗  "exit 9223372036854775807"
#Your exit status : 0
#Expected exit status : 255
#
# ✓  "exit -9223372036854775808" 
# ✗  "exit 9223372036854775808"
##
